Simulator report for Status
Thu May 12 15:56:23 2022
Quartus II Version 9.1 Build 350 03/24/2010 Service Pack 2 SJ Web Edition


---------------------
; Table of Contents ;
---------------------
  1. Legal Notice
  2. Simulator Summary
  3. Simulator Settings
  4. Simulation Waveforms
  5. Coverage Summary
  6. Complete 1/0-Value Coverage
  7. Missing 1-Value Coverage
  8. Missing 0-Value Coverage
  9. Simulator INI Usage
 10. Simulator Messages



----------------
; Legal Notice ;
----------------
Copyright (C) 1991-2010 Altera Corporation
Your use of Altera Corporation's design tools, logic functions 
and other software and tools, and its AMPP partner logic 
functions, and any output files from any of the foregoing 
(including device programming or simulation files), and any 
associated documentation or information are expressly subject 
to the terms and conditions of the Altera Program License 
Subscription Agreement, Altera MegaCore Function License 
Agreement, or other applicable license agreement, including, 
without limitation, that your use is for the sole purpose of 
programming logic devices manufactured by Altera and sold by 
Altera or its authorized distributors.  Please refer to the 
applicable agreement for further details.



+--------------------------------------------+
; Simulator Summary                          ;
+-----------------------------+--------------+
; Type                        ; Value        ;
+-----------------------------+--------------+
; Simulation Start Time       ; 0 ps         ;
; Simulation End Time         ; 1.0 us       ;
; Simulation Netlist Size     ; 66 nodes     ;
; Simulation Coverage         ;      50.00 % ;
; Total Number of Transitions ; 4301         ;
; Simulation Breakpoints      ; 0            ;
; Family                      ; Cyclone II   ;
+-----------------------------+--------------+


+-----------------------------------------------------------------------------------------------------------------------------+
; Simulator Settings                                                                                                          ;
+--------------------------------------------------------------------------------------------+----------------+---------------+
; Option                                                                                     ; Setting        ; Default Value ;
+--------------------------------------------------------------------------------------------+----------------+---------------+
; Simulation mode                                                                            ; Functional     ; Timing        ;
; Start time                                                                                 ; 0 ns           ; 0 ns          ;
; Simulation results format                                                                  ; CVWF           ;               ;
; Vector input source                                                                        ; StatusWave.vwf ;               ;
; Add pins automatically to simulation output waveforms                                      ; On             ; On            ;
; Check outputs                                                                              ; Off            ; Off           ;
; Report simulation coverage                                                                 ; On             ; On            ;
; Display complete 1/0 value coverage report                                                 ; On             ; On            ;
; Display missing 1-value coverage report                                                    ; On             ; On            ;
; Display missing 0-value coverage report                                                    ; On             ; On            ;
; Detect setup and hold time violations                                                      ; Off            ; Off           ;
; Detect glitches                                                                            ; Off            ; Off           ;
; Disable timing delays in Timing Simulation                                                 ; Off            ; Off           ;
; Generate Signal Activity File                                                              ; Off            ; Off           ;
; Generate VCD File for PowerPlay Power Analyzer                                             ; Off            ; Off           ;
; Group bus channels in simulation results                                                   ; Off            ; Off           ;
; Preserve fewer signal transitions to reduce memory requirements                            ; On             ; On            ;
; Trigger vector comparison with the specified mode                                          ; INPUT_EDGE     ; INPUT_EDGE    ;
; Disable setup and hold time violations detection in input registers of bi-directional pins ; Off            ; Off           ;
; Overwrite Waveform Inputs With Simulation Outputs                                          ; On             ;               ;
; Perform Glitch Filtering in Timing Simulation                                              ; Auto           ; Auto          ;
+--------------------------------------------------------------------------------------------+----------------+---------------+


+----------------------+
; Simulation Waveforms ;
+----------------------+
Waveform report data cannot be output to ASCII.
Please use Quartus II to view the waveform report data.


+--------------------------------------------------------------------+
; Coverage Summary                                                   ;
+-----------------------------------------------------+--------------+
; Type                                                ; Value        ;
+-----------------------------------------------------+--------------+
; Total coverage as a percentage                      ;      50.00 % ;
; Total nodes checked                                 ; 66           ;
; Total output ports checked                          ; 66           ;
; Total output ports with complete 1/0-value coverage ; 33           ;
; Total output ports with no 1/0-value coverage       ; 23           ;
; Total output ports with no 1-value coverage         ; 29           ;
; Total output ports with no 0-value coverage         ; 27           ;
+-----------------------------------------------------+--------------+


The following table displays output ports that toggle between 1 and 0 during simulation.
+------------------------------------------------------------------+
; Complete 1/0-Value Coverage                                      ;
+-----------------------+-----------------------+------------------+
; Node Name             ; Output Port Name      ; Output Port Type ;
+-----------------------+-----------------------+------------------+
; |Status|dbus_out[0]~0 ; |Status|dbus_out[0]~0 ; out              ;
; |Status|process_0~0   ; |Status|process_0~0   ; out0             ;
; |Status|ContReg~1     ; |Status|ContReg~1     ; out              ;
; |Status|ContReg~2     ; |Status|ContReg~2     ; out              ;
; |Status|ContReg~3     ; |Status|ContReg~3     ; out              ;
; |Status|ContReg~4     ; |Status|ContReg~4     ; out              ;
; |Status|ContReg~5     ; |Status|ContReg~5     ; out              ;
; |Status|ContReg[2]    ; |Status|ContReg[2]    ; regout           ;
; |Status|ContReg[1]    ; |Status|ContReg[1]    ; regout           ;
; |Status|dbus_out~8    ; |Status|dbus_out~8    ; out0             ;
; |Status|ContReg[0]    ; |Status|ContReg[0]    ; regout           ;
; |Status|dbus_out[1]~1 ; |Status|dbus_out[1]~1 ; out              ;
; |Status|dbus_out[2]~2 ; |Status|dbus_out[2]~2 ; out              ;
; |Status|dbus_out[6]~6 ; |Status|dbus_out[6]~6 ; out              ;
; |Status|dbus_out[7]~7 ; |Status|dbus_out[7]~7 ; out              ;
; |Status|z_in          ; |Status|z_in          ; out              ;
; |Status|dc_in         ; |Status|dc_in         ; out              ;
; |Status|c_in          ; |Status|c_in          ; out              ;
; |Status|z_wr_en       ; |Status|z_wr_en       ; out              ;
; |Status|dc_wr_en      ; |Status|dc_wr_en      ; out              ;
; |Status|c_wr_en       ; |Status|c_wr_en       ; out              ;
; |Status|clk_in        ; |Status|clk_in        ; out              ;
; |Status|nrst          ; |Status|nrst          ; out              ;
; |Status|wr_en         ; |Status|wr_en         ; out              ;
; |Status|rd_en         ; |Status|rd_en         ; out              ;
; |Status|dbus_out[0]   ; |Status|dbus_out[0]   ; pin_out          ;
; |Status|dbus_out[1]   ; |Status|dbus_out[1]   ; pin_out          ;
; |Status|dbus_out[2]   ; |Status|dbus_out[2]   ; pin_out          ;
; |Status|dbus_out[6]   ; |Status|dbus_out[6]   ; pin_out          ;
; |Status|dbus_out[7]   ; |Status|dbus_out[7]   ; pin_out          ;
; |Status|z_out         ; |Status|z_out         ; pin_out          ;
; |Status|dc_out        ; |Status|dc_out        ; pin_out          ;
; |Status|c_out         ; |Status|c_out         ; pin_out          ;
+-----------------------+-----------------------+------------------+


The following table displays output ports that do not toggle to 1 during simulation.
+------------------------------------------------------------------+
; Missing 1-Value Coverage                                         ;
+-----------------------+-----------------------+------------------+
; Node Name             ; Output Port Name      ; Output Port Type ;
+-----------------------+-----------------------+------------------+
; |Status|ContReg~0     ; |Status|ContReg~0     ; out              ;
; |Status|ContReg[5]    ; |Status|ContReg[5]    ; regout           ;
; |Status|ContReg[4]    ; |Status|ContReg[4]    ; regout           ;
; |Status|ContReg[3]    ; |Status|ContReg[3]    ; regout           ;
; |Status|dbus_out[3]~3 ; |Status|dbus_out[3]~3 ; out              ;
; |Status|dbus_out[4]~4 ; |Status|dbus_out[4]~4 ; out              ;
; |Status|dbus_out[5]~5 ; |Status|dbus_out[5]~5 ; out              ;
; |Status|abus_in[0]    ; |Status|abus_in[0]    ; out              ;
; |Status|abus_in[1]    ; |Status|abus_in[1]    ; out              ;
; |Status|abus_in[2]    ; |Status|abus_in[2]    ; out              ;
; |Status|abus_in[3]    ; |Status|abus_in[3]    ; out              ;
; |Status|abus_in[4]    ; |Status|abus_in[4]    ; out              ;
; |Status|abus_in[5]    ; |Status|abus_in[5]    ; out              ;
; |Status|abus_in[6]    ; |Status|abus_in[6]    ; out              ;
; |Status|abus_in[7]    ; |Status|abus_in[7]    ; out              ;
; |Status|abus_in[8]    ; |Status|abus_in[8]    ; out              ;
; |Status|dbus_in[0]    ; |Status|dbus_in[0]    ; out              ;
; |Status|dbus_in[1]    ; |Status|dbus_in[1]    ; out              ;
; |Status|dbus_in[2]    ; |Status|dbus_in[2]    ; out              ;
; |Status|dbus_in[3]    ; |Status|dbus_in[3]    ; out              ;
; |Status|dbus_in[4]    ; |Status|dbus_in[4]    ; out              ;
; |Status|dbus_in[5]    ; |Status|dbus_in[5]    ; out              ;
; |Status|dbus_in[6]    ; |Status|dbus_in[6]    ; out              ;
; |Status|dbus_in[7]    ; |Status|dbus_in[7]    ; out              ;
; |Status|dbus_out[3]   ; |Status|dbus_out[3]   ; pin_out          ;
; |Status|dbus_out[4]   ; |Status|dbus_out[4]   ; pin_out          ;
; |Status|dbus_out[5]   ; |Status|dbus_out[5]   ; pin_out          ;
; |Status|rp_out[0]     ; |Status|rp_out[0]     ; pin_out          ;
; |Status|Equal0~0      ; |Status|Equal0~0      ; out0             ;
+-----------------------+-----------------------+------------------+


The following table displays output ports that do not toggle to 0 during simulation.
+------------------------------------------------------------+
; Missing 0-Value Coverage                                   ;
+--------------------+--------------------+------------------+
; Node Name          ; Output Port Name   ; Output Port Type ;
+--------------------+--------------------+------------------+
; |Status|ContReg~0  ; |Status|ContReg~0  ; out              ;
; |Status|ContReg[7] ; |Status|ContReg[7] ; regout           ;
; |Status|ContReg[6] ; |Status|ContReg[6] ; regout           ;
; |Status|ContReg[5] ; |Status|ContReg[5] ; regout           ;
; |Status|ContReg[4] ; |Status|ContReg[4] ; regout           ;
; |Status|ContReg[3] ; |Status|ContReg[3] ; regout           ;
; |Status|abus_in[0] ; |Status|abus_in[0] ; out              ;
; |Status|abus_in[1] ; |Status|abus_in[1] ; out              ;
; |Status|abus_in[2] ; |Status|abus_in[2] ; out              ;
; |Status|abus_in[3] ; |Status|abus_in[3] ; out              ;
; |Status|abus_in[4] ; |Status|abus_in[4] ; out              ;
; |Status|abus_in[5] ; |Status|abus_in[5] ; out              ;
; |Status|abus_in[6] ; |Status|abus_in[6] ; out              ;
; |Status|abus_in[7] ; |Status|abus_in[7] ; out              ;
; |Status|abus_in[8] ; |Status|abus_in[8] ; out              ;
; |Status|dbus_in[0] ; |Status|dbus_in[0] ; out              ;
; |Status|dbus_in[1] ; |Status|dbus_in[1] ; out              ;
; |Status|dbus_in[2] ; |Status|dbus_in[2] ; out              ;
; |Status|dbus_in[3] ; |Status|dbus_in[3] ; out              ;
; |Status|dbus_in[4] ; |Status|dbus_in[4] ; out              ;
; |Status|dbus_in[5] ; |Status|dbus_in[5] ; out              ;
; |Status|dbus_in[6] ; |Status|dbus_in[6] ; out              ;
; |Status|dbus_in[7] ; |Status|dbus_in[7] ; out              ;
; |Status|rp_out[0]  ; |Status|rp_out[0]  ; pin_out          ;
; |Status|rp_out[1]  ; |Status|rp_out[1]  ; pin_out          ;
; |Status|irp_out    ; |Status|irp_out    ; pin_out          ;
; |Status|Equal0~0   ; |Status|Equal0~0   ; out0             ;
+--------------------+--------------------+------------------+


+---------------------+
; Simulator INI Usage ;
+--------+------------+
; Option ; Usage      ;
+--------+------------+


+--------------------+
; Simulator Messages ;
+--------------------+
Info: *******************************************************************
Info: Running Quartus II Simulator
    Info: Version 9.1 Build 350 03/24/2010 Service Pack 2 SJ Web Edition
    Info: Processing started: Thu May 12 15:56:23 2022
Info: Command: quartus_sim --read_settings_files=on --write_settings_files=off Status -c Status
Info: Using vector source file "C:/Users/vsund/OneDrive/Documentos/Universidade/5 Periodo/Sist. reconfiguraveis/Trabalho Final/Status_Reg/StatusWave.vwf"
Info: Overwriting simulation input file with simulation results
    Info: A backup of StatusWave.vwf called Status.sim_ori.vwf has been created in the db folder
Info: Option to preserve fewer signal transitions to reduce memory requirements is enabled
    Info: Simulation has been partitioned into sub-simulations according to the maximum transition count determined by the engine. Transitions from memory will be flushed out to disk at the end of each sub-simulation to reduce memory requirements.
Warning: Found clock-sensitive change during active clock edge at time 22.5 ns on register "|Status|ContReg[0]"
Warning: Found clock-sensitive change during active clock edge at time 37.5 ns on register "|Status|ContReg[1]"
Info: Simulation partitioned into 1 sub-simulations
Info: Simulation coverage is      50.00 %
Info: Number of transitions in simulation is 4301
Info: Vector file StatusWave.vwf is saved in VWF text format. You can compress it into CVWF format in order to reduce file size. For more details please refer to the Quartus II Help.
Info: Quartus II Simulator was successful. 0 errors, 2 warnings
    Info: Peak virtual memory: 141 megabytes
    Info: Processing ended: Thu May 12 15:56:23 2022
    Info: Elapsed time: 00:00:00
    Info: Total CPU time (on all processors): 00:00:00


